<html>
<body>
<pre>
<h1>礦ision Build Log</h1>
<h2>Tool Versions:</h2>
IDE-Version: μVision V5.14.0.0
Copyright (C) 2015 ARM Ltd and ARM Germany GmbH. All rights reserved.
License Information: GYUGY AutoBVT, Microsoft, LIC=UB4CX-HYIZG-67BRS-LDZXB-J9CM7-BWGRR
 
Tool Versions:
Toolchain:       MDK-ARM Professional  Version: 5.14.0.0
Toolchain Path:  E:\STM\ARM\ARMCC\Bin
C Compiler:      Armcc.exe V5.05 update 1 (build 106)
Assembler:       Armasm.exe V5.05 update 1 (build 106)
Linker/Locator:  ArmLink.exe V5.05 update 1 (build 106)
Library Manager: ArmAr.exe V5.05 update 1 (build 106)
Hex Converter:   FromElf.exe V5.05 update 1 (build 106)
CPU DLL:         SARMCM3.DLL V5.14.0.0
Dialog DLL:      DCM.DLL V1.13.1.0
Target DLL:      STLink\ST-LINKIII-KEIL_SWO.dll V2.0.6.0_KEIL
Dialog DLL:      TCM.DLL V1.14.4.0
 
<h2>Project:</h2>
C:\Users\Administrator\Desktop\项目例程\底盘驱动板v1.2\USER\Template.uvprojx
Project File Date:  05/15/2019

<h2>Output:</h2>
Build target 'Template'
compiling main.c...
..\HARDWARE\OLED\oled.h(65): warning:  #1295-D: Deprecated declaration Picture - give arg types
  void Picture();
..\HARDWARE\OLED\oled.h(66): warning:  #1295-D: Deprecated declaration IIC2_Start - give arg types
  void IIC2_Start();
..\HARDWARE\OLED\oled.h(67): warning:  #1295-D: Deprecated declaration IIC2_Stop - give arg types
  void IIC2_Stop();
..\HARDWARE\OLED\oled.h(72): warning:  #1295-D: Deprecated declaration IIC2_Wait_Ack - give arg types
  void IIC2_Wait_Ack();
main.c(196): warning:  #187-D: use of "=" where "==" may have been intended
                    if((CANBUF_RX[0]=0)&&(CANBUF_RX[1]=2)&&(CANBUF_RX[2]=0)&&(CANBUF_RX[3]=0)&&(CANBUF_RX[4]=0)&&(CANBUF_RX[5]=0)&&(CANBUF_RX[6]=0)&&(CANBUF_RX[7]=1))
main.c(196): warning:  #187-D: use of "=" where "==" may have been intended
                    if((CANBUF_RX[0]=0)&&(CANBUF_RX[1]=2)&&(CANBUF_RX[2]=0)&&(CANBUF_RX[3]=0)&&(CANBUF_RX[4]=0)&&(CANBUF_RX[5]=0)&&(CANBUF_RX[6]=0)&&(CANBUF_RX[7]=1))
main.c(196): warning:  #187-D: use of "=" where "==" may have been intended
                    if((CANBUF_RX[0]=0)&&(CANBUF_RX[1]=2)&&(CANBUF_RX[2]=0)&&(CANBUF_RX[3]=0)&&(CANBUF_RX[4]=0)&&(CANBUF_RX[5]=0)&&(CANBUF_RX[6]=0)&&(CANBUF_RX[7]=1))
main.c(196): warning:  #187-D: use of "=" where "==" may have been intended
                    if((CANBUF_RX[0]=0)&&(CANBUF_RX[1]=2)&&(CANBUF_RX[2]=0)&&(CANBUF_RX[3]=0)&&(CANBUF_RX[4]=0)&&(CANBUF_RX[5]=0)&&(CANBUF_RX[6]=0)&&(CANBUF_RX[7]=1))
main.c(196): warning:  #187-D: use of "=" where "==" may have been intended
                    if((CANBUF_RX[0]=0)&&(CANBUF_RX[1]=2)&&(CANBUF_RX[2]=0)&&(CANBUF_RX[3]=0)&&(CANBUF_RX[4]=0)&&(CANBUF_RX[5]=0)&&(CANBUF_RX[6]=0)&&(CANBUF_RX[7]=1))
main.c(196): warning:  #187-D: use of "=" where "==" may have been intended
                    if((CANBUF_RX[0]=0)&&(CANBUF_RX[1]=2)&&(CANBUF_RX[2]=0)&&(CANBUF_RX[3]=0)&&(CANBUF_RX[4]=0)&&(CANBUF_RX[5]=0)&&(CANBUF_RX[6]=0)&&(CANBUF_RX[7]=1))
main.c(196): warning:  #187-D: use of "=" where "==" may have been intended
                    if((CANBUF_RX[0]=0)&&(CANBUF_RX[1]=2)&&(CANBUF_RX[2]=0)&&(CANBUF_RX[3]=0)&&(CANBUF_RX[4]=0)&&(CANBUF_RX[5]=0)&&(CANBUF_RX[6]=0)&&(CANBUF_RX[7]=1))
main.c(196): warning:  #187-D: use of "=" where "==" may have been intended
                    if((CANBUF_RX[0]=0)&&(CANBUF_RX[1]=2)&&(CANBUF_RX[2]=0)&&(CANBUF_RX[3]=0)&&(CANBUF_RX[4]=0)&&(CANBUF_RX[5]=0)&&(CANBUF_RX[6]=0)&&(CANBUF_RX[7]=1))
main.c(200): warning:  #187-D: use of "=" where "==" may have been intended
                        if((CANBUF_RX[0]=0)&&(CANBUF_RX[1]=2)&&(CANBUF_RX[2]=0)&&(CANBUF_RX[3]=0)&&(CANBUF_RX[4]=0)&&(CANBUF_RX[5]=0)&&(CANBUF_RX[6]=0)&&(CANBUF_RX[7]=2))
main.c(200): warning:  #187-D: use of "=" where "==" may have been intended
                        if((CANBUF_RX[0]=0)&&(CANBUF_RX[1]=2)&&(CANBUF_RX[2]=0)&&(CANBUF_RX[3]=0)&&(CANBUF_RX[4]=0)&&(CANBUF_RX[5]=0)&&(CANBUF_RX[6]=0)&&(CANBUF_RX[7]=2))
main.c(200): warning:  #187-D: use of "=" where "==" may have been intended
                        if((CANBUF_RX[0]=0)&&(CANBUF_RX[1]=2)&&(CANBUF_RX[2]=0)&&(CANBUF_RX[3]=0)&&(CANBUF_RX[4]=0)&&(CANBUF_RX[5]=0)&&(CANBUF_RX[6]=0)&&(CANBUF_RX[7]=2))
main.c(200): warning:  #187-D: use of "=" where "==" may have been intended
                        if((CANBUF_RX[0]=0)&&(CANBUF_RX[1]=2)&&(CANBUF_RX[2]=0)&&(CANBUF_RX[3]=0)&&(CANBUF_RX[4]=0)&&(CANBUF_RX[5]=0)&&(CANBUF_RX[6]=0)&&(CANBUF_RX[7]=2))
main.c(200): warning:  #187-D: use of "=" where "==" may have been intended
                        if((CANBUF_RX[0]=0)&&(CANBUF_RX[1]=2)&&(CANBUF_RX[2]=0)&&(CANBUF_RX[3]=0)&&(CANBUF_RX[4]=0)&&(CANBUF_RX[5]=0)&&(CANBUF_RX[6]=0)&&(CANBUF_RX[7]=2))
main.c(200): warning:  #187-D: use of "=" where "==" may have been intended
                        if((CANBUF_RX[0]=0)&&(CANBUF_RX[1]=2)&&(CANBUF_RX[2]=0)&&(CANBUF_RX[3]=0)&&(CANBUF_RX[4]=0)&&(CANBUF_RX[5]=0)&&(CANBUF_RX[6]=0)&&(CANBUF_RX[7]=2))
main.c(200): warning:  #187-D: use of "=" where "==" may have been intended
                        if((CANBUF_RX[0]=0)&&(CANBUF_RX[1]=2)&&(CANBUF_RX[2]=0)&&(CANBUF_RX[3]=0)&&(CANBUF_RX[4]=0)&&(CANBUF_RX[5]=0)&&(CANBUF_RX[6]=0)&&(CANBUF_RX[7]=2))
main.c(200): warning:  #187-D: use of "=" where "==" may have been intended
                        if((CANBUF_RX[0]=0)&&(CANBUF_RX[1]=2)&&(CANBUF_RX[2]=0)&&(CANBUF_RX[3]=0)&&(CANBUF_RX[4]=0)&&(CANBUF_RX[5]=0)&&(CANBUF_RX[6]=0)&&(CANBUF_RX[7]=2))
main.c(129): warning:  #177-D: variable "key" was declared but never referenced
      u8 key,i;
main.c(129): warning:  #177-D: variable "i" was declared but never referenced
      u8 key,i;
main.c(130): warning:  #177-D: variable "adcx" was declared but never referenced
        u16 adcx,adcy,adcz;
main.c(130): warning:  #177-D: variable "adcy" was declared but never referenced
        u16 adcx,adcy,adcz;
main.c(130): warning:  #177-D: variable "adcz" was declared but never referenced
        u16 adcx,adcy,adcz;
main.c: 25 warnings, 0 errors
compiling stm32f10x_it.c...
compiling system_stm32f10x.c...
compiling core_cm3.c...
assembling startup_stm32f10x_md.s...
compiling misc.c...
compiling stm32f10x_adc.c...
compiling stm32f10x_bkp.c...
compiling stm32f10x_can.c...
compiling stm32f10x_cec.c...
compiling stm32f10x_crc.c...
compiling stm32f10x_dac.c...
compiling stm32f10x_dbgmcu.c...
compiling stm32f10x_dma.c...
compiling stm32f10x_exti.c...
compiling stm32f10x_flash.c...
compiling stm32f10x_fsmc.c...
compiling stm32f10x_gpio.c...
compiling stm32f10x_i2c.c...
compiling stm32f10x_iwdg.c...
compiling stm32f10x_pwr.c...
compiling stm32f10x_rcc.c...
compiling stm32f10x_rtc.c...
compiling stm32f10x_sdio.c...
compiling stm32f10x_spi.c...
compiling stm32f10x_tim.c...
compiling stm32f10x_usart.c...
compiling stm32f10x_wwdg.c...
compiling delay.c...
compiling sys.c...
compiling usart.c...
compiling myiic.c...
compiling dac.c...
compiling oled.c...
..\HARDWARE\OLED\oled.h(65): warning:  #1295-D: Deprecated declaration Picture - give arg types
  void Picture();
..\HARDWARE\OLED\oled.h(66): warning:  #1295-D: Deprecated declaration IIC2_Start - give arg types
  void IIC2_Start();
..\HARDWARE\OLED\oled.h(67): warning:  #1295-D: Deprecated declaration IIC2_Stop - give arg types
  void IIC2_Stop();
..\HARDWARE\OLED\oled.h(72): warning:  #1295-D: Deprecated declaration IIC2_Wait_Ack - give arg types
  void IIC2_Wait_Ack();
..\HARDWARE\OLED\oled.c: 4 warnings, 0 errors
compiling INA226.c...
compiling LTC1473.c...
compiling ADC.c...
..\HARDWARE\ADC\ADC.c(15): warning:  #550-D: variable "GPIO_InitStructure" was set but never used
        GPIO_InitTypeDef GPIO_InitStructure;
..\HARDWARE\ADC\ADC.c: 1 warning, 0 errors
compiling can.c...
linking...
Program Size: Code=9244 RO-data=268 RW-data=72 ZI-data=1864  
FromELF: creating hex file...
"..\OBJ\Template.axf" - 0 Error(s), 30 Warning(s).

<h2>Collection of Component include folders:</h2>
  C:\Users\Administrator\Desktop\项目例程\底盘驱动板v1.2\USER\RTE
  E:\STM\Keil\STM32F1xx_DFP\1.0.5\Device\Include

<h2>Collection of Component Files used:</h2>
</pre>
</body>
</html>
